exports[`test renders Back 1`] = `
<button
  disabled={false}
  href={undefined}
  onBlur={[Function]}
  onClick={[Function]}
  onFocus={[Function]}
  onKeyDown={[Function]}
  onKeyUp={[Function]}
  onMouseEnter={[Function]}
  onMouseLeave={[Function]}
  onMouseOut={[Function]}
  onTouchStart={[Function]}
  onTouchTap={[Function]}
  style={
    Object {
      "WebkitTapHighlightColor": "rgba(0, 0, 0, 0)",
      "background": "none",
      "border": 10,
      "boxSizing": "border-box",
      "cursor": "pointer",
      "display": "inline-block",
      "fontFamily": "Roboto, sans-serif",
      "fontSize": 0,
      "fontWeight": "inherit",
      "height": 48,
      "margin": 0,
      "muiPrepared": true,
      "outline": "none",
      "overflow": "visible",
      "padding": 12,
      "position": "relative",
      "textDecoration": "none",
      "transition": "all 450ms cubic-bezier(0.23, 1, 0.32, 1) 0ms",
      "verticalAlign": null,
      "width": 48,
      "zIndex": 1,
    }
  }
  tabIndex={0}
  type="button">
  <div
    onMouseDown={[Function]}
    onMouseLeave={[Function]}
    onMouseUp={[Function]}
    onTouchEnd={[Function]}
    onTouchStart={[Function]}>
    <svg
      onMouseEnter={[Function]}
      onMouseLeave={[Function]}
      onTouchTap={[Function]}
      style={
        Object {
          "color": "rgba(0, 0, 0, 0.87)",
          "display": "inline-block",
          "fill": "white",
          "height": 24,
          "muiPrepared": true,
          "transition": "all 450ms cubic-bezier(0.23, 1, 0.32, 1) 0ms",
          "userSelect": "none",
          "width": 24,
        }
      }
      viewBox="0 0 24 24">
      <path
        d="M20 11H7.83l5.59-5.59L12 4l-8 8 8 8 1.41-1.41L7.83 13H20v-2z" />
    </svg>
  </div>
</button>
`;
